# started 2026-08-15T18:43:38Z on ip-172-31-9-237
# time load procs threads fd_used fd_max conntrack ct_max mem_avail_mb tcp_estab tcp_tw sshd
2026-08-15T18:43:38Z 0.04 176 224 1087 9223372036854775807 0 1048576 14935 2 9 3
2026-08-15T18:43:43Z 0.12 179 232 1253 9223372036854775807 0 1048576 14877 1 11 1
2026-08-15T18:43:48Z 0.19 180 232 1253 9223372036854775807 0 1048576 14916 1 11 1
2026-08-15T18:43:53Z 0.26 177 230 1191 9223372036854775807 0 1048576 14781 2 11 3
2026-08-15T18:43:58Z 0.32 180 232 1255 9223372036854775807 0 1048576 14734 1 13 1
2026-08-15T18:44:03Z 0.37 180 231 1256 9223372036854775807 0 1048576 14616 1 10 1
2026-08-15T18:44:08Z 0.42 186 237 1292 9223372036854775807 0 1048576 14519 1 10 1
2026-08-15T18:44:13Z 0.55 182 233 1271 9223372036854775807 0 1048576 14609 1 10 1
# started 2026-08-15T18:44:17Z on ip-172-31-9-237
# time load procs threads fd_used fd_max conntrack ct_max mem_avail_mb tcp_estab tcp_tw sshd
2026-08-15T18:44:17Z 0.55 179 229 1264 9223372036854775807 0 1048576 14618 1 10 1
2026-08-15T18:44:22Z 0.90 180 233 1229 9223372036854775807 0 1048576 14690 2 11 1
2026-08-15T18:44:27Z 0.83 181 234 1268 9223372036854775807 0 1048576 14777 2 13 3
2026-08-15T18:44:32Z 0.93 180 233 1240 9223372036854775807 0 1048576 14750 1 17 1
2026-08-15T18:44:37Z 0.94 193 242 1310 9223372036854775807 0 1048576 14787 1 17 1
2026-08-15T18:44:42Z 0.94 182 231 1234 9223372036854775807 0 1048576 14709 1 17 1
2026-08-15T18:44:47Z 0.95 177 226 1205 9223372036854775807 0 1048576 14746 1 20 1
2026-08-15T18:44:52Z 0.95 177 226 1147 9223372036854775807 0 1048576 14853 1 26 1
2026-08-15T18:44:57Z 0.88 175 226 1130 9223372036854775807 0 1048576 14838 1 31 1
2026-08-15T18:45:02Z 0.81 177 224 1143 9223372036854775807 0 1048576 14861 1 36 1
2026-08-15T18:45:07Z 0.90 179 228 1157 9223372036854775807 0 1048576 14867 1 41 1
2026-08-15T18:45:12Z 0.91 179 228 1157 9223372036854775807 0 1048576 14814 1 41 1
2026-08-15T18:45:17Z 0.92 178 228 1158 9223372036854775807 0 1048576 14793 1 41 1
2026-08-15T18:45:22Z 0.92 179 228 1158 9223372036854775807 0 1048576 14771 1 41 1
2026-08-15T18:45:27Z 0.93 180 229 1166 9223372036854775807 0 1048576 14781 1 38 1
2026-08-15T18:45:32Z 1.02 183 232 1216 9223372036854775807 0 1048576 14740 2 32 3
2026-08-15T18:45:37Z 1.01 181 230 1166 9223372036854775807 0 1048576 14777 1 29 1
2026-08-15T18:45:42Z 1.01 181 230 1169 9223372036854775807 0 1048576 14803 1 29 1
2026-08-15T18:45:47Z 1.01 181 230 1167 9223372036854775807 0 1048576 14757 1 26 1
2026-08-15T18:45:52Z 1.01 181 230 1168 9223372036854775807 0 1048576 14757 1 22 1
2026-08-15T18:45:57Z 1.01 181 230 1168 9223372036854775807 0 1048576 14796 1 16 1
2026-08-15T18:46:02Z 1.01 181 230 1167 9223372036854775807 0 1048576 14766 1 6 1
2026-08-15T18:46:07Z 1.01 181 230 1170 9223372036854775807 0 1048576 14807 1 1 1
2026-08-15T18:46:12Z 1.01 181 230 1169 9223372036854775807 0 1048576 14780 1 1 1
2026-08-15T18:46:17Z 1.01 181 230 1166 9223372036854775807 0 1048576 14782 1 1 1
2026-08-15T18:46:22Z 1.01 181 230 1163 9223372036854775807 0 1048576 14805 1 1 1
2026-08-15T18:46:27Z 1.00 178 230 1159 9223372036854775807 0 1048576 14806 1 1 1
2026-08-15T18:46:33Z 1.00 181 230 1165 9223372036854775807 0 1048576 14780 1 1 1
2026-08-15T18:46:38Z 1.00 181 230 1164 9223372036854775807 0 1048576 14767 1 1 1
2026-08-15T18:46:43Z 1.00 181 230 1163 9223372036854775807 0 1048576 14750 1 1 1
2026-08-15T18:46:48Z 1.00 181 230 1167 9223372036854775807 0 1048576 14770 1 1 1
2026-08-15T18:46:53Z 1.00 181 230 1164 9223372036854775807 0 1048576 14760 1 1 1
2026-08-15T18:46:58Z 1.00 180 229 1160 9223372036854775807 0 1048576 14743 1 1 1
2026-08-15T18:47:03Z 1.00 180 229 1162 9223372036854775807 0 1048576 14734 1 1 1
2026-08-15T18:47:08Z 1.00 182 231 1190 9223372036854775807 0 1048576 14696 2 1 3
2026-08-15T18:47:13Z 1.00 182 231 1171 9223372036854775807 0 1048576 14613 1 1 1
2026-08-15T18:47:18Z 1.00 182 231 1172 9223372036854775807 0 1048576 14718 1 1 1
2026-08-15T18:47:23Z 1.00 164 216 1154 9223372036854775807 0 1048576 14722 1 1 1
2026-08-15T18:47:28Z 1.00 168 217 1171 9223372036854775807 0 1048576 14613 1 1 1
2026-08-15T18:47:33Z 1.00 162 212 1160 9223372036854775807 0 1048576 14637 1 1 1
2026-08-15T18:47:38Z 1.00 164 213 1165 9223372036854775807 0 1048576 14615 1 1 1
2026-08-15T18:47:43Z 1.00 165 214 1159 9223372036854775807 0 1048576 14627 1 1 1
2026-08-15T18:47:48Z 0.92 159 208 1097 9223372036854775807 0 1048576 14712 1 1 1
2026-08-15T18:47:53Z 0.85 159 208 1097 9223372036854775807 0 1048576 14789 1 1 1
2026-08-15T18:47:58Z 0.78 158 207 997 9223372036854775807 0 1048576 14848 1 1 1
2026-08-15T18:48:03Z 0.72 158 207 997 9223372036854775807 0 1048576 14881 1 1 1
2026-08-15T18:48:08Z 0.66 158 207 997 9223372036854775807 0 1048576 14883 1 1 1
2026-08-15T18:48:13Z 0.61 162 211 1143 9223372036854775807 0 1048576 14878 2 1 3
2026-08-15T18:48:18Z 0.56 163 212 1143 9223372036854775807 0 1048576 14881 2 2 3
2026-08-15T18:48:23Z 0.51 161 210 1097 9223372036854775807 0 1048576 14884 1 2 1
2026-08-15T18:48:28Z 0.47 161 210 1097 9223372036854775807 0 1048576 14884 1 2 1
2026-08-15T18:48:33Z 0.43 161 210 997 9223372036854775807 0 1048576 14886 1 2 1
2026-08-15T18:48:38Z 0.40 161 210 997 9223372036854775807 0 1048576 14886 1 2 1
2026-08-15T18:48:43Z 0.37 163 212 1024 9223372036854775807 0 1048576 14886 2 2 3
2026-08-15T18:48:48Z 0.34 164 213 1097 9223372036854775807 0 1048576 14866 1 2 1
2026-08-15T18:48:54Z 0.31 164 213 1097 9223372036854775807 0 1048576 14876 1 2 1
2026-08-15T18:48:59Z 0.28 162 211 997 9223372036854775807 0 1048576 14885 1 2 1
2026-08-15T18:49:04Z 0.26 162 211 997 9223372036854775807 0 1048576 14886 1 2 1
2026-08-15T18:49:09Z 0.24 162 211 997 9223372036854775807 0 1048576 14886 1 2 1
2026-08-15T18:49:14Z 0.22 162 211 997 9223372036854775807 0 1048576 14885 1 2 1
2026-08-15T18:49:19Z 0.20 163 212 1024 9223372036854775807 0 1048576 14886 2 1 3
2026-08-15T18:49:24Z 0.19 166 212 1084 9223372036854775807 0 1048576 14888 2 2 3
2026-08-15T18:49:29Z 0.25 196 254 1250 9223372036854775807 0 1048576 14579 1 3 1
2026-08-15T18:49:34Z 0.31 171 258 1268 9223372036854775807 40 1048576 14515 8 3 1
2026-08-15T18:49:39Z 0.45 196 306 1417 9223372036854775807 66 1048576 14434 12 3 1
2026-08-15T18:49:44Z 0.49 204 344 1476 9223372036854775807 127 1048576 14334 13 4 1
2026-08-15T18:49:49Z 0.53 188 328 1405 9223372036854775807 145 1048576 14402 10 7 1
2026-08-15T18:49:54Z 0.57 187 340 1396 9223372036854775807 164 1048576 14242 9 12 1
2026-08-15T18:49:59Z 1.41 194 368 1475 9223372036854775807 166 1048576 14018 9 12 1
2026-08-15T18:50:04Z 3.54 190 355 1473 9223372036854775807 108 1048576 13904 6 15 1
2026-08-15T18:50:09Z 4.13 188 342 1396 9223372036854775807 108 1048576 14050 3 18 1
2026-08-15T18:50:14Z 4.12 190 344 1423 9223372036854775807 110 1048576 13563 4 18 3
2026-08-15T18:50:19Z 3.87 189 318 1407 9223372036854775807 113 1048576 14516 2 19 1
2026-08-15T18:50:24Z 3.72 187 316 1378 9223372036854775807 125 1048576 14540 4 18 1
2026-08-15T18:50:29Z 3.50 188 317 1375 9223372036854775807 126 1048576 14572 2 17 1
2026-08-15T18:50:34Z 3.22 188 317 1375 9223372036854775807 126 1048576 14644 2 17 1
2026-08-15T18:50:39Z 2.96 188 322 1370 9223372036854775807 131 1048576 14681 2 22 1
2026-08-15T18:50:44Z 2.73 187 316 1365 9223372036854775807 139 1048576 14685 2 28 1
2026-08-15T18:50:49Z 2.51 198 334 1540 9223372036854775807 163 1048576 14649 32 26 1
2026-08-15T18:50:54Z 2.31 185 317 1371 9223372036854775807 73 1048576 14690 2 47 1
2026-08-15T18:51:00Z 2.12 185 317 1371 9223372036854775807 82 1048576 14688 2 44 1
2026-08-15T18:51:05Z 1.95 183 315 1271 9223372036854775807 82 1048576 14696 2 44 1
2026-08-15T18:51:10Z 1.79 183 315 1270 9223372036854775807 82 1048576 14696 1 39 1
2026-08-15T18:51:15Z 1.65 183 316 1270 9223372036854775807 82 1048576 14696 1 39 1
2026-08-15T18:51:20Z 1.52 185 318 1314 9223372036854775807 84 1048576 14695 2 39 3
2026-08-15T18:51:25Z 1.40 185 318 1370 9223372036854775807 91 1048576 14691 1 40 1
2026-08-15T18:51:30Z 1.28 185 318 1370 9223372036854775807 91 1048576 14691 1 40 1
2026-08-15T18:51:35Z 1.18 183 316 1270 9223372036854775807 92 1048576 14697 1 40 1
2026-08-15T18:51:40Z 1.09 183 316 1261 9223372036854775807 92 1048576 14700 1 35 1
2026-08-15T18:51:45Z 1.00 183 316 1261 9223372036854775807 92 1048576 14707 1 35 1
2026-08-15T18:51:50Z 0.92 185 318 1288 9223372036854775807 94 1048576 14708 2 27 3
2026-08-15T18:51:55Z 1.01 205 333 1464 9223372036854775807 63 1048576 14683 2 4 3
2026-08-15T18:52:00Z 0.93 193 321 1461 9223372036854775807 68 1048576 14697 2 4 3
2026-08-15T18:52:05Z 0.85 192 324 1876 9223372036854775807 178 1048576 14689 201 6 1
2026-08-15T18:52:10Z 1.02 192 324 1877 9223372036854775807 178 1048576 14678 201 6 1
2026-08-15T18:52:15Z 1.10 189 321 1384 9223372036854775807 180 1048576 14713 1 7 1
2026-08-15T18:52:20Z 1.01 192 328 1744 9223372036854775807 284 1048576 14703 201 9 1
2026-08-15T18:52:25Z 1.09 194 330 1789 9223372036854775807 288 1048576 14698 202 9 3
2026-08-15T18:52:30Z 1.25 189 321 1406 9223372036854775807 298 1048576 14732 2 12 3
2026-08-15T18:52:35Z 1.15 192 328 1838 9223372036854775807 389 1048576 14706 201 12 1
2026-08-15T18:52:40Z 1.21 192 328 1922 9223372036854775807 390 1048576 14696 201 12 1
2026-08-15T18:52:45Z 1.36 187 319 1350 9223372036854775807 390 1048576 14723 1 14 1
2026-08-15T18:52:50Z 1.25 188 320 1386 9223372036854775807 392 1048576 14722 1 14 1
2026-08-15T18:52:55Z 1.31 191 327 1736 9223372036854775807 144 1048576 14704 201 15 1
2026-08-15T18:53:00Z 1.36 191 327 1736 9223372036854775807 144 1048576 14701 201 15 1
2026-08-15T18:53:05Z 1.26 188 320 1388 9223372036854775807 149 1048576 14720 1 14 1
2026-08-15T18:53:11Z 1.15 191 328 1962 9223372036854775807 257 1048576 14701 201 15 1
2026-08-15T18:53:16Z 1.30 191 328 1860 9223372036854775807 257 1048576 14697 201 15 1
2026-08-15T18:53:21Z 1.36 189 322 1417 9223372036854775807 270 1048576 14703 2 13 3
2026-08-15T18:53:26Z 1.25 190 327 1754 9223372036854775807 375 1048576 14699 201 14 1
2026-08-15T18:53:31Z 1.39 190 327 1754 9223372036854775807 375 1048576 14701 201 12 1
2026-08-15T18:53:36Z 1.52 185 318 1390 9223372036854775807 377 1048576 14713 1 11 1
2026-08-15T18:53:41Z 1.40 188 325 1878 9223372036854775807 457 1048576 14711 201 11 1
2026-08-15T18:53:46Z 1.45 188 325 1788 9223372036854775807 457 1048576 14696 201 11 1
2026-08-15T18:53:51Z 1.49 182 315 1354 9223372036854775807 457 1048576 14734 1 12 1
2026-08-15T18:53:56Z 1.37 186 323 1788 9223372036854775807 560 1048576 14716 201 12 1
2026-08-15T18:54:01Z 1.50 186 323 1802 9223372036854775807 249 1048576 14708 201 12 1
2026-08-15T18:54:06Z 1.62 181 314 1354 9223372036854775807 249 1048576 14728 1 13 1
2026-08-15T18:54:11Z 1.49 185 318 1436 9223372036854775807 260 1048576 14687 2 13 3
2026-08-15T18:54:16Z 1.37 187 324 1826 9223372036854775807 376 1048576 14690 201 15 1
2026-08-15T18:54:21Z 1.42 187 325 1950 9223372036854775807 376 1048576 14690 201 14 1
2026-08-15T18:54:26Z 1.47 183 317 1385 9223372036854775807 378 1048576 14727 1 16 1
2026-08-15T18:54:31Z 1.35 186 324 1747 9223372036854775807 458 1048576 14718 201 16 1
2026-08-15T18:54:36Z 1.40 186 323 1747 9223372036854775807 458 1048576 14711 201 14 1
2026-08-15T18:54:41Z 1.53 179 309 1290 9223372036854775807 460 1048576 14724 1 16 1
2026-08-15T18:54:46Z 1.41 197 338 1728 9223372036854775807 511 1048576 14698 81 17 1
2026-08-15T18:54:51Z 2.26 198 338 1670 9223372036854775807 511 1048576 14698 81 14 1
2026-08-15T18:54:56Z 3.36 179 316 1349 9223372036854775807 513 1048576 14728 1 46 1
2026-08-15T18:55:01Z 3.09 195 336 1610 9223372036854775807 146 1048576 14712 70 47 3
2026-08-15T18:55:06Z 3.16 195 336 1592 9223372036854775807 153 1048576 14708 70 45 3
2026-08-15T18:55:12Z 3.15 176 313 1320 9223372036854775807 156 1048576 14732 1 69 1
2026-08-15T18:55:17Z 2.90 178 315 1358 9223372036854775807 164 1048576 14727 1 67 1
2026-08-15T18:55:22Z 4.03 196 337 1685 9223372036854775807 215 1048576 14707 78 68 1
2026-08-15T18:55:27Z 5.06 196 334 1673 9223372036854775807 215 1048576 14705 46 67 1
2026-08-15T18:55:32Z 4.66 178 315 1358 9223372036854775807 217 1048576 14732 1 96 1
2026-08-15T18:55:37Z 4.29 197 338 1616 9223372036854775807 266 1048576 14709 81 97 1
2026-08-15T18:55:42Z 4.32 197 338 1616 9223372036854775807 266 1048576 14703 81 95 1
2026-08-15T18:55:47Z 3.97 178 315 1366 9223372036854775807 268 1048576 14725 1 130 1
2026-08-15T18:55:52Z 4.45 197 338 1708 9223372036854775807 318 1048576 14697 81 129 1
2026-08-15T18:55:57Z 5.62 200 344 1756 9223372036854775807 319 1048576 14694 82 97 3
2026-08-15T18:56:02Z 5.17 181 318 1411 9223372036854775807 231 1048576 14733 2 129 3
2026-08-15T18:56:07Z 4.91 198 339 1618 9223372036854775807 281 1048576 14714 81 128 1
2026-08-15T18:56:12Z 4.92 198 339 1618 9223372036854775807 281 1048576 14708 81 103 1
2026-08-15T18:56:17Z 4.53 177 314 1323 9223372036854775807 281 1048576 14732 1 137 1
2026-08-15T18:56:22Z 5.85 198 339 1651 9223372036854775807 339 1048576 14699 81 137 1
2026-08-15T18:56:27Z 6.66 198 339 1699 9223372036854775807 342 1048576 14699 81 137 1
2026-08-15T18:56:32Z 6.13 177 314 1325 9223372036854775807 342 1048576 14732 1 138 1
2026-08-15T18:56:37Z 5.63 179 316 1363 9223372036854775807 344 1048576 14726 1 137 1
2026-08-15T18:56:42Z 5.58 198 339 1615 9223372036854775807 393 1048576 14703 81 138 1
2026-08-15T18:56:47Z 5.46 198 339 1615 9223372036854775807 393 1048576 14700 81 103 1
2026-08-15T18:56:53Z 5.02 182 319 1410 9223372036854775807 406 1048576 14715 2 137 1
2026-08-15T18:56:58Z 6.30 198 339 1639 9223372036854775807 456 1048576 14696 78 137 1
2026-08-15T18:57:03Z 7.08 197 338 1649 9223372036854775807 321 1048576 14696 78 105 1
2026-08-15T18:57:08Z 6.51 180 317 1366 9223372036854775807 323 1048576 14732 1 137 1
2026-08-15T18:57:13Z 6.15 197 338 1596 9223372036854775807 369 1048576 14709 75 137 1
2026-08-15T18:57:18Z 6.14 197 338 1596 9223372036854775807 369 1048576 14708 75 103 1
2026-08-15T18:57:23Z 5.64 180 317 1367 9223372036854775807 373 1048576 14728 1 132 1
2026-08-15T18:57:28Z 5.35 199 340 1657 9223372036854775807 431 1048576 14701 81 134 1
2026-08-15T18:57:33Z 5.08 199 340 1693 9223372036854775807 431 1048576 14699 81 134 1
2026-08-15T18:57:38Z 4.68 178 315 1331 9223372036854775807 431 1048576 14729 1 134 1
2026-08-15T18:57:43Z 4.30 201 342 1637 9223372036854775807 486 1048576 14706 79 137 3
2026-08-15T18:57:48Z 4.12 199 340 1610 9223372036854775807 496 1048576 14696 78 137 1
2026-08-15T18:57:53Z 3.95 179 317 1331 9223372036854775807 496 1048576 14725 1 133 1
2026-08-15T18:57:58Z 3.63 182 320 1369 9223372036854775807 498 1048576 14723 1 132 1
2026-08-15T18:58:03Z 3.50 201 343 1649 9223372036854775807 317 1048576 14699 81 133 1
2026-08-15T18:58:08Z 3.38 201 343 1683 9223372036854775807 317 1048576 14698 81 101 1
2026-08-15T18:58:13Z 3.11 182 320 1369 9223372036854775807 319 1048576 14733 1 133 1
2026-08-15T18:58:18Z 3.02 201 343 1613 9223372036854775807 369 1048576 14709 81 134 1
2026-08-15T18:58:23Z 3.02 201 343 1613 9223372036854775807 369 1048576 14704 81 104 1
2026-08-15T18:58:28Z 2.78 182 320 1363 9223372036854775807 373 1048576 14723 1 134 1
2026-08-15T18:58:33Z 3.52 206 348 1741 9223372036854775807 432 1048576 14669 79 135 2
2026-08-15T18:58:38Z 3.39 202 344 1696 9223372036854775807 442 1048576 14682 79 135 3
2026-08-15T18:58:43Z 3.12 182 320 1365 9223372036854775807 444 1048576 14718 1 129 1
2026-08-15T18:58:48Z 2.87 201 343 1617 9223372036854775807 491 1048576 14705 81 130 1
2026-08-15T18:58:54Z 2.80 201 343 1615 9223372036854775807 491 1048576 14702 81 130 1
2026-08-15T18:58:59Z 2.90 180 318 1327 9223372036854775807 491 1048576 14725 1 133 1
2026-08-15T18:59:04Z 2.67 200 342 1618 9223372036854775807 540 1048576 14710 78 133 1
2026-08-15T18:59:09Z 2.77 200 342 1638 9223372036854775807 325 1048576 14706 78 133 1
2026-08-15T18:59:14Z 2.71 180 318 1329 9223372036854775807 325 1048576 14729 1 130 1
2026-08-15T18:59:19Z 2.49 182 320 1365 9223372036854775807 327 1048576 14733 1 129 1
2026-08-15T18:59:24Z 2.45 201 343 1633 9223372036854775807 376 1048576 14704 79 130 3
2026-08-15T18:59:29Z 2.42 201 343 1633 9223372036854775807 380 1048576 14695 79 98 3
2026-08-15T18:59:34Z 2.22 182 320 1367 9223372036854775807 394 1048576 14709 1 131 1
2026-08-15T18:59:39Z 2.20 201 343 1663 9223372036854775807 450 1048576 14692 81 132 1
2026-08-15T18:59:44Z 2.27 201 343 1653 9223372036854775807 450 1048576 14692 81 128 1
2026-08-15T18:59:49Z 2.09 182 320 1369 9223372036854775807 452 1048576 14727 1 133 1
2026-08-15T18:59:54Z 2.08 200 342 1619 9223372036854775807 502 1048576 14706 81 134 1
2026-08-15T18:59:59Z 2.07 200 342 1619 9223372036854775807 502 1048576 14704 81 101 1
2026-08-15T19:00:04Z 1.91 181 330 1351 9223372036854775807 504 1048576 14730 1 133 1
2026-08-15T19:00:09Z 1.75 184 344 1563 9223372036854775807 409 1048576 14702 201 134 1
2026-08-15T19:00:14Z 2.49 184 349 1563 9223372036854775807 410 1048576 14682 201 104 1
2026-08-15T19:00:19Z 3.18 181 319 1370 9223372036854775807 411 1048576 14707 2 109 3
2026-08-15T19:00:24Z 2.92 205 347 1706 9223372036854775807 461 1048576 14593 62 110 3
2026-08-15T19:00:29Z 2.69 205 351 1891 9223372036854775807 567 1048576 14585 261 112 1
2026-08-15T19:00:34Z 2.63 205 351 1891 9223372036854775807 567 1048576 14590 261 78 1
2026-08-15T19:00:39Z 2.58 178 316 1340 9223372036854775807 571 1048576 14722 1 120 1
2026-08-15T19:00:44Z 2.37 183 325 1742 9223372036854775807 680 1048576 14714 201 122 1
2026-08-15T19:00:49Z 2.42 183 325 1752 9223372036854775807 680 1048576 14711 201 90 1
2026-08-15T19:00:54Z 2.39 178 316 1341 9223372036854775807 680 1048576 14736 1 90 1
2026-08-15T19:01:00Z 2.20 179 317 1379 9223372036854775807 683 1048576 14734 1 90 1
2026-08-15T19:01:05Z 2.26 182 324 1591 9223372036854775807 423 1048576 14714 201 60 1
2026-08-15T19:01:10Z 2.24 182 324 1591 9223372036854775807 423 1048576 14712 201 60 1
2026-08-15T19:01:15Z 2.06 181 329 1408 9223372036854775807 434 1048576 14726 2 60 3
2026-08-15T19:01:20Z 2.78 183 344 1574 9223372036854775807 517 1048576 14696 201 57 1
2026-08-15T19:01:25Z 3.52 183 344 1573 9223372036854775807 517 1048576 14681 201 55 1
2026-08-15T19:01:30Z 3.23 202 344 1684 9223372036854775807 559 1048576 14590 61 62 1
2026-08-15T19:01:35Z 2.98 202 344 1684 9223372036854775807 560 1048576 14592 61 60 1
2026-08-15T19:01:40Z 3.14 205 351 1896 9223372036854775807 662 1048576 14591 261 18 1
2026-08-15T19:01:45Z 3.05 205 351 1896 9223372036854775807 665 1048576 14601 261 18 1
2026-08-15T19:01:50Z 2.80 180 318 1383 9223372036854775807 671 1048576 14722 1 62 1
2026-08-15T19:01:55Z 2.58 182 324 1733 9223372036854775807 771 1048576 14714 201 63 1
2026-08-15T19:02:00Z 2.53 182 324 1735 9223372036854775807 771 1048576 14718 201 62 1
2026-08-15T19:02:05Z 2.49 184 331 1474 9223372036854775807 256 1048576 14708 2 61 3
2026-08-15T19:02:10Z 2.29 184 326 1641 9223372036854775807 367 1048576 14716 202 63 3
2026-08-15T19:02:15Z 2.27 182 324 1595 9223372036854775807 367 1048576 14706 201 61 1
2026-08-15T19:02:20Z 2.24 177 315 1340 9223372036854775807 368 1048576 14727 1 64 1
2026-08-15T19:02:25Z 2.06 179 329 1358 9223372036854775807 370 1048576 14736 1 62 1
2026-08-15T19:02:30Z 2.70 182 343 1570 9223372036854775807 470 1048576 14686 201 55 1
2026-08-15T19:02:35Z 3.44 182 344 1570 9223372036854775807 471 1048576 14673 201 55 1
2026-08-15T19:02:40Z 3.17 201 343 1683 9223372036854775807 513 1048576 14602 61 60 1
2026-08-15T19:02:45Z 2.91 201 343 1684 9223372036854775807 514 1048576 14609 61 60 1
2026-08-15T19:02:50Z 2.84 204 350 1895 9223372036854775807 246 1048576 14597 261 15 1
2026-08-15T19:02:55Z 2.77 204 350 1894 9223372036854775807 249 1048576 14596 261 14 1
2026-08-15T19:03:00Z 2.55 181 319 1408 9223372036854775807 256 1048576 14717 2 57 3
2026-08-15T19:03:05Z 2.59 184 326 1798 9223372036854775807 357 1048576 14709 202 58 3
2026-08-15T19:03:11Z 2.62 183 325 1804 9223372036854775807 358 1048576 14712 202 55 3
2026-08-15T19:03:16Z 2.41 180 318 1410 9223372036854775807 360 1048576 14715 2 57 3
2026-08-15T19:03:21Z 2.22 183 325 1622 9223372036854775807 461 1048576 14703 202 58 3
2026-08-15T19:03:26Z 2.28 183 325 1620 9223372036854775807 462 1048576 14700 202 56 3
2026-08-15T19:03:31Z 2.26 180 328 1392 9223372036854775807 464 1048576 14721 2 59 3
2026-08-15T19:03:36Z 2.08 183 342 1604 9223372036854775807 565 1048576 14700 202 60 3
2026-08-15T19:03:41Z 2.87 183 344 1604 9223372036854775807 566 1048576 14685 202 54 3
2026-08-15T19:03:46Z 3.68 178 316 1374 9223372036854775807 566 1048576 14700 2 59 3
2026-08-15T19:03:51Z 3.55 202 344 1713 9223372036854775807 228 1048576 14592 62 58 3
2026-08-15T19:03:56Z 3.26 205 351 1925 9223372036854775807 333 1048576 14589 262 59 3
2026-08-15T19:04:01Z 3.40 205 351 1925 9223372036854775807 334 1048576 14592 262 16 3
2026-08-15T19:04:06Z 3.29 178 316 1374 9223372036854775807 334 1048576 14716 2 58 3
2026-08-15T19:04:11Z 3.03 183 325 1760 9223372036854775807 437 1048576 14710 202 59 3
2026-08-15T19:04:16Z 3.02 183 325 1753 9223372036854775807 438 1048576 14705 202 57 3
2026-08-15T19:04:21Z 2.94 178 317 1369 9223372036854775807 438 1048576 14734 2 59 3
2026-08-15T19:04:26Z 2.71 180 319 1406 9223372036854775807 440 1048576 14723 2 59 3
2026-08-15T19:04:31Z 2.65 183 326 1618 9223372036854775807 542 1048576 14705 202 60 3
2026-08-15T19:04:36Z 2.60 183 325 1618 9223372036854775807 542 1048576 14705 202 55 3
2026-08-15T19:04:41Z 2.39 180 328 1388 9223372036854775807 544 1048576 14730 2 58 3
2026-08-15T19:04:46Z 2.20 183 344 1600 9223372036854775807 644 1048576 14692 202 59 3
2026-08-15T19:04:51Z 2.90 182 344 1600 9223372036854775807 644 1048576 14681 202 54 3
2026-08-15T19:04:56Z 3.63 201 343 1711 9223372036854775807 264 1048576 14587 62 54 3
2026-08-15T19:05:01Z 3.34 201 343 1730 9223372036854775807 272 1048576 14581 62 54 3
2026-08-15T19:05:06Z 3.07 203 349 1896 9223372036854775807 373 1048576 14580 261 55 1
2026-08-15T19:05:11Z 2.99 203 349 1896 9223372036854775807 373 1048576 14592 261 12 1
2026-08-15T19:05:17Z 3.15 178 316 1381 9223372036854775807 376 1048576 14720 1 56 1
2026-08-15T19:05:22Z 2.90 181 323 1731 9223372036854775807 478 1048576 14711 201 54 1
2026-08-15T19:05:27Z 2.98 181 323 1731 9223372036854775807 478 1048576 14711 201 54 1
2026-08-15T19:05:32Z 2.91 178 316 1383 9223372036854775807 480 1048576 14725 1 55 1
2026-08-15T19:05:37Z 2.67 181 323 1595 9223372036854775807 581 1048576 14716 201 56 1
2026-08-15T19:05:42Z 2.78 181 323 1595 9223372036854775807 581 1048576 14714 201 53 1
2026-08-15T19:05:47Z 2.80 176 314 1347 9223372036854775807 581 1048576 14732 1 55 1
2026-08-15T19:05:52Z 2.57 199 353 1630 9223372036854775807 668 1048576 14717 82 91 3
2026-08-15T19:05:57Z 3.89 199 358 1585 9223372036854775807 301 1048576 14702 81 90 1
2026-08-15T19:06:02Z 5.38 178 317 1348 9223372036854775807 303 1048576 14725 1 126 1
2026-08-15T19:06:07Z 4.95 202 345 1688 9223372036854775807 347 1048576 14644 61 125 1
2026-08-15T19:06:12Z 4.55 203 347 1722 9223372036854775807 347 1048576 14640 61 126 1
2026-08-15T19:06:17Z 4.50 205 352 1760 9223372036854775807 365 1048576 14630 93 82 1
2026-08-15T19:06:22Z 4.54 202 345 1727 9223372036854775807 365 1048576 14627 61 85 1
2026-08-15T19:06:27Z 4.18 179 318 1379 9223372036854775807 369 1048576 14729 1 124 1
2026-08-15T19:06:32Z 4.09 198 341 1631 9223372036854775807 413 1048576 14708 81 119 1
2026-08-15T19:06:37Z 4.08 198 341 1631 9223372036854775807 413 1048576 14700 81 119 1
2026-08-15T19:06:42Z 3.83 181 320 1425 9223372036854775807 420 1048576 14697 2 154 3
2026-08-15T19:06:47Z 3.68 204 348 1643 9223372036854775807 477 1048576 14687 82 156 3
2026-08-15T19:06:52Z 3.71 199 342 1599 9223372036854775807 480 1048576 14695 81 154 1
2026-08-15T19:06:57Z 3.49 180 329 1363 9223372036854775807 287 1048576 14739 1 155 1
2026-08-15T19:07:02Z 4.90 199 358 1583 9223372036854775807 368 1048576 14706 81 188 1
2026-08-15T19:07:07Z 5.79 199 359 1583 9223372036854775807 372 1048576 14702 81 155 1
2026-08-15T19:07:13Z 5.40 178 317 1345 9223372036854775807 374 1048576 14723 1 195 1
2026-08-15T19:07:18Z 4.97 202 345 1686 9223372036854775807 413 1048576 14636 61 193 1
2026-08-15T19:07:23Z 4.73 205 352 1760 9223372036854775807 430 1048576 14629 93 194 1
2026-08-15T19:07:28Z 4.51 205 352 1760 9223372036854775807 431 1048576 14627 93 151 1
2026-08-15T19:07:33Z 4.15 178 317 1345 9223372036854775807 431 1048576 14726 1 193 1
2026-08-15T19:07:38Z 3.82 201 344 1681 9223372036854775807 490 1048576 14703 82 196 3
2026-08-15T19:07:43Z 3.75 201 344 1679 9223372036854775807 493 1048576 14697 82 160 3
2026-08-15T19:07:48Z 3.85 179 318 1347 9223372036854775807 497 1048576 14712 1 194 1
2026-08-15T19:07:53Z 3.54 181 320 1383 9223372036854775807 499 1048576 14720 1 189 1
2026-08-15T19:07:58Z 3.58 200 343 1603 9223372036854775807 400 1048576 14706 81 157 1
2026-08-15T19:08:03Z 3.53 200 343 1603 9223372036854775807 401 1048576 14703 81 157 1
2026-08-15T19:08:08Z 3.25 181 331 1367 9223372036854775807 403 1048576 14718 1 160 1
2026-08-15T19:08:13Z 4.35 200 360 1587 9223372036854775807 486 1048576 14696 81 153 1
2026-08-15T19:08:18Z 5.44 200 360 1581 9223372036854775807 494 1048576 14694 82 153 1
2026-08-15T19:08:23Z 5.17 203 346 1683 9223372036854775807 536 1048576 14627 62 191 1
2026-08-15T19:08:28Z 4.75 203 346 1683 9223372036854775807 536 1048576 14626 62 190 1
2026-08-15T19:08:33Z 4.53 209 356 1786 9223372036854775807 559 1048576 14611 95 147 3
2026-08-15T19:08:38Z 4.49 206 353 1759 9223372036854775807 569 1048576 14612 94 149 1
2026-08-15T19:08:43Z 4.21 181 320 1382 9223372036854775807 571 1048576 14715 2 190 1
2026-08-15T19:08:48Z 4.03 200 343 1634 9223372036854775807 618 1048576 14700 82 189 1
2026-08-15T19:08:53Z 4.11 200 343 1632 9223372036854775807 618 1048576 14697 82 157 1
2026-08-15T19:08:58Z 3.78 181 320 1382 9223372036854775807 386 1048576 14719 2 189 1
2026-08-15T19:09:04Z 3.48 200 343 1602 9223372036854775807 435 1048576 14708 82 190 1
2026-08-15T19:09:09Z 3.76 200 343 1602 9223372036854775807 436 1048576 14704 82 154 1
2026-08-15T19:09:14Z 3.94 179 318 1346 9223372036854775807 436 1048576 14727 2 154 1
2026-08-15T19:09:19Z 3.62 200 358 1585 9223372036854775807 523 1048576 14700 81 187 1
2026-08-15T19:09:24Z 5.74 202 362 1610 9223372036854775807 525 1048576 14694 82 149 3
2026-08-15T19:09:29Z 6.64 181 320 1391 9223372036854775807 534 1048576 14711 2 185 3
2026-08-15T19:09:34Z 6.11 203 346 1686 9223372036854775807 576 1048576 14626 61 184 1
2026-08-15T19:09:39Z 5.62 206 353 1762 9223372036854775807 594 1048576 14622 93 182 1
2026-08-15T19:09:44Z 5.41 206 353 1762 9223372036854775807 594 1048576 14621 93 139 1
2026-08-15T19:09:49Z 5.22 203 346 1718 9223372036854775807 594 1048576 14620 61 143 1
2026-08-15T19:09:54Z 4.80 181 320 1383 9223372036854775807 597 1048576 14716 1 183 1
2026-08-15T19:09:59Z 4.73 200 343 1635 9223372036854775807 642 1048576 14705 81 184 1
2026-08-15T19:10:04Z 4.51 200 343 1635 9223372036854775807 414 1048576 14698 81 150 1
2026-08-15T19:10:09Z 4.15 181 320 1385 9223372036854775807 417 1048576 14728 1 183 1
2026-08-15T19:10:14Z 4.22 201 344 1605 9223372036854775807 466 1048576 14704 81 184 1
2026-08-15T19:10:19Z 4.28 202 345 1644 9223372036854775807 470 1048576 14692 82 151 3
2026-08-15T19:10:24Z 3.94 183 334 1405 9223372036854775807 481 1048576 14725 2 152 3
2026-08-15T19:10:29Z 3.62 199 358 1570 9223372036854775807 563 1048576 14703 78 184 1
2026-08-15T19:10:34Z 5.34 199 359 1570 9223372036854775807 563 1048576 14698 78 148 1
2026-08-15T19:10:39Z 6.99 179 318 1343 9223372036854775807 563 1048576 14730 1 183 1
2026-08-15T19:10:44Z 6.43 203 346 1683 9223372036854775807 605 1048576 14630 61 182 1
2026-08-15T19:10:49Z 5.92 206 353 1759 9223372036854775807 622 1048576 14623 93 183 1
2026-08-15T19:10:55Z 5.84 206 353 1758 9223372036854775807 622 1048576 14620 93 138 1
2026-08-15T19:11:00Z 5.69 179 318 1343 9223372036854775807 623 1048576 14738 1 180 1
2026-08-15T19:11:05Z 5.24 200 343 1633 9223372036854775807 422 1048576 14719 81 181 1
2026-08-15T19:11:10Z 4.98 200 343 1633 9223372036854775807 422 1048576 14712 81 148 1
2026-08-15T19:11:15Z 4.90 181 320 1372 9223372036854775807 428 1048576 14718 2 181 3
2026-08-15T19:11:20Z 4.51 182 321 1383 9223372036854775807 439 1048576 14721 1 182 1
2026-08-15T19:11:25Z 4.55 198 341 1590 9223372036854775807 490 1048576 14709 78 183 1
2026-08-15T19:11:30Z 4.34 198 341 1590 9223372036854775807 491 1048576 14703 78 117 1
2026-08-15T19:11:35Z 3.99 180 329 1365 9223372036854775807 494 1048576 14730 1 151 1
2026-08-15T19:11:40Z 4.96 199 358 1585 9223372036854775807 572 1048576 14658 81 146 1
2026-08-15T19:11:45Z 5.12 199 358 1585 9223372036854775807 572 1048576 14639 81 146 1
2026-08-15T19:11:50Z 4.71 202 345 1688 9223372036854775807 615 1048576 14597 61 181 1
2026-08-15T19:11:55Z 4.33 201 344 1686 9223372036854775807 615 1048576 14605 61 181 1
2026-08-15T19:12:00Z 4.39 204 351 1762 9223372036854775807 633 1048576 14590 93 140 1
2026-08-15T19:12:05Z 4.19 206 353 1789 9223372036854775807 401 1048576 14582 94 140 3
2026-08-15T19:12:10Z 3.86 181 320 1412 9223372036854775807 414 1048576 14689 2 189 3
2026-08-15T19:12:15Z 3.55 198 341 1637 9223372036854775807 467 1048576 14678 81 158 1
2026-08-15T19:12:20Z 3.43 198 341 1630 9223372036854775807 468 1048576 14684 81 157 1
2026-08-15T19:12:25Z 3.31 179 318 1379 9223372036854775807 470 1048576 14719 1 188 1
2026-08-15T19:12:30Z 3.05 198 341 1599 9223372036854775807 520 1048576 14701 81 190 1
2026-08-15T19:12:35Z 2.96 198 341 1599 9223372036854775807 523 1048576 14697 81 160 1
2026-08-15T19:12:40Z 2.88 177 316 1343 9223372036854775807 523 1048576 14730 1 158 1
2026-08-15T19:12:45Z 2.65 197 355 1583 9223372036854775807 606 1048576 14686 81 191 1
2026-08-15T19:12:51Z 4.04 198 357 1583 9223372036854775807 606 1048576 14664 81 155 1
2026-08-15T19:12:56Z 4.36 177 316 1343 9223372036854775807 607 1048576 14694 1 190 1
2026-08-15T19:13:01Z 4.01 202 345 1730 9223372036854775807 653 1048576 14563 62 191 3
2026-08-15T19:13:06Z 3.69 206 353 1806 9223372036854775807 439 1048576 14556 94 197 3
2026-08-15T19:13:11Z 3.55 204 351 1760 9223372036854775807 440 1048576 14566 93 147 1
2026-08-15T19:13:16Z 3.43 177 316 1345 9223372036854775807 440 1048576 14692 1 196 1
2026-08-15T19:13:21Z 3.15 179 318 1381 9223372036854775807 443 1048576 14702 1 194 1
2026-08-15T19:13:26Z 3.06 198 341 1633 9223372036854775807 493 1048576 14687 81 163 1
2026-08-15T19:13:31Z 2.98 198 341 1633 9223372036854775807 493 1048576 14687 81 163 1
2026-08-15T19:13:36Z 2.74 179 318 1383 9223372036854775807 497 1048576 14727 1 193 1
2026-08-15T19:13:41Z 2.52 197 340 1603 9223372036854775807 547 1048576 14701 81 162 1
2026-08-15T19:13:46Z 2.48 197 340 1603 9223372036854775807 547 1048576 14697 81 162 1
2026-08-15T19:13:51Z 2.44 178 329 1365 9223372036854775807 549 1048576 14722 1 161 1
2026-08-15T19:13:56Z 2.24 200 360 1631 9223372036854775807 635 1048576 14662 82 192 3
2026-08-15T19:14:01Z 3.66 201 361 1631 9223372036854775807 641 1048576 14645 82 156 3
2026-08-15T19:14:06Z 4.65 185 330 1524 9223372036854775807 428 1048576 14639 34 189 1
2026-08-15T19:14:11Z 4.28 203 347 1688 9223372036854775807 464 1048576 14615 61 186 1
2026-08-15T19:14:16Z 3.94 206 354 1757 9223372036854775807 483 1048576 14600 93 187 1
2026-08-15T19:14:21Z 3.78 206 355 1757 9223372036854775807 483 1048576 14599 93 137 1
2026-08-15T19:14:26Z 3.72 181 322 1379 9223372036854775807 486 1048576 14718 1 188 1
2026-08-15T19:14:31Z 3.42 200 345 1631 9223372036854775807 536 1048576 14696 81 189 1
2026-08-15T19:14:36Z 3.31 200 344 1631 9223372036854775807 536 1048576 14695 81 157 1
2026-08-15T19:14:41Z 3.28 179 319 1343 9223372036854775807 538 1048576 14722 1 188 1
2026-08-15T19:14:47Z 3.02 200 344 1601 9223372036854775807 588 1048576 14698 81 189 1
2026-08-15T19:14:52Z 2.94 203 347 1628 9223372036854775807 593 1048576 14688 82 159 3
2026-08-15T19:14:57Z 2.86 180 320 1343 9223372036854775807 602 1048576 14723 1 158 1
2026-08-15T19:15:02Z 2.63 182 333 1363 9223372036854775807 605 1048576 14722 1 158 1
2026-08-15T19:15:07Z 2.42 201 361 1583 9223372036854775807 421 1048576 14658 81 155 1
2026-08-15T19:15:12Z 3.51 200 360 1583 9223372036854775807 421 1048576 14646 81 155 1
2026-08-15T19:15:17Z 4.99 203 347 1684 9223372036854775807 458 1048576 14615 61 183 1
2026-08-15T19:15:22Z 4.59 203 347 1684 9223372036854775807 458 1048576 14620 61 183 1
2026-08-15T19:15:27Z 4.22 206 354 1760 9223372036854775807 475 1048576 14598 93 184 1
2026-08-15T19:15:32Z 4.52 206 354 1760 9223372036854775807 475 1048576 14599 93 131 1
2026-08-15T19:15:37Z 4.32 181 321 1383 9223372036854775807 479 1048576 14718 1 183 1
2026-08-15T19:15:42Z 3.98 201 345 1651 9223372036854775807 528 1048576 14692 79 184 3
2026-08-15T19:15:47Z 3.82 201 345 1651 9223372036854775807 541 1048576 14695 79 155 3
2026-08-15T19:15:52Z 3.51 181 321 1383 9223372036854775807 547 1048576 14722 1 184 1
2026-08-15T19:15:57Z 3.47 200 344 1603 9223372036854775807 593 1048576 14703 81 185 1
2026-08-15T19:16:02Z 3.43 200 344 1603 9223372036854775807 593 1048576 14702 81 153 1
2026-08-15T19:16:07Z 3.16 181 333 1367 9223372036854775807 596 1048576 14726 1 153 1
2026-08-15T19:16:12Z 4.19 200 360 1587 9223372036854775807 431 1048576 14674 81 186 1
2026-08-15T19:16:17Z 4.81 200 360 1580 9223372036854775807 431 1048576 14640 81 156 1
2026-08-15T19:16:22Z 4.43 179 319 1341 9223372036854775807 432 1048576 14678 1 189 1
2026-08-15T19:16:27Z 4.07 203 347 1682 9223372036854775807 474 1048576 14612 61 188 1
2026-08-15T19:16:32Z 3.91 206 354 1758 9223372036854775807 491 1048576 14602 93 189 1
2026-08-15T19:16:37Z 3.99 212 360 1847 9223372036854775807 496 1048576 14572 94 140 2
2026-08-15T19:16:43Z 3.67 181 321 1370 9223372036854775807 504 1048576 14681 2 194 3
2026-08-15T19:16:48Z 3.46 200 344 1632 9223372036854775807 559 1048576 14681 81 196 1
2026-08-15T19:16:53Z 3.34 199 343 1631 9223372036854775807 561 1048576 14684 81 163 1
2026-08-15T19:16:58Z 3.23 178 318 1343 9223372036854775807 563 1048576 14721 1 194 1
2026-08-15T19:17:03Z 2.97 180 320 1381 9223372036854775807 565 1048576 14722 1 194 1
2026-08-15T19:17:08Z 2.90 199 343 1601 9223372036854775807 614 1048576 14702 81 163 1
2026-08-15T19:17:13Z 2.82 199 343 1601 9223372036854775807 383 1048576 14699 81 163 1
2026-08-15T19:17:18Z 2.60 179 319 1365 9223372036854775807 385 1048576 14722 1 162 1
2026-08-15T19:17:23Z 2.47 182 326 1787 9223372036854775807 588 1048576 14711 201 133 1
2026-08-15T19:17:28Z 2.35 182 326 1745 9223372036854775807 589 1048576 14707 201 133 1
2026-08-15T19:17:33Z 2.32 184 328 2037 9223372036854775807 693 1048576 14703 202 137 3
2026-08-15T19:17:38Z 2.22 184 328 1749 9223372036854775807 703 1048576 14706 202 143 3
2026-08-15T19:17:43Z 2.12 183 327 1823 9223372036854775807 805 1048576 14709 201 88 1
2026-08-15T19:17:48Z 2.03 183 327 1799 9223372036854775807 805 1048576 14710 201 84 1
2026-08-15T19:17:53Z 1.95 183 327 1751 9223372036854775807 904 1048576 14709 201 84 1
2026-08-15T19:17:58Z 1.87 183 327 1703 9223372036854775807 906 1048576 14710 201 84 1
2026-08-15T19:18:03Z 1.88 183 327 1703 9223372036854775807 1006 1048576 14710 201 53 1
2026-08-15T19:18:08Z 1.89 183 327 1703 9223372036854775807 1006 1048576 14711 201 52 1
2026-08-15T19:18:13Z 1.90 179 319 1345 9223372036854775807 386 1048576 14725 1 55 1
2026-08-15T19:18:18Z 1.75 181 321 1378 9223372036854775807 390 1048576 14721 1 23 1
2026-08-15T19:18:23Z 1.77 186 330 1768 9223372036854775807 567 1048576 14704 202 26 3
2026-08-15T19:18:28Z 1.79 185 329 1811 9223372036854775807 570 1048576 14702 202 29 3
2026-08-15T19:18:33Z 1.80 183 327 1767 9223372036854775807 680 1048576 14707 201 35 1
2026-08-15T19:18:38Z 1.82 183 327 1767 9223372036854775807 680 1048576 14706 201 28 1
2026-08-15T19:18:43Z 1.91 182 326 1773 9223372036854775807 779 1048576 14707 201 27 1
2026-08-15T19:18:48Z 2.00 182 326 1773 9223372036854775807 780 1048576 14705 201 25 1
2026-08-15T19:18:54Z 1.92 182 326 1773 9223372036854775807 881 1048576 14702 201 28 1
2026-08-15T19:18:59Z 1.93 182 326 1773 9223372036854775807 882 1048576 14703 201 27 1
2026-08-15T19:19:04Z 1.93 180 324 1773 9223372036854775807 985 1048576 14702 201 29 1
2026-08-15T19:19:09Z 2.10 180 324 1773 9223372036854775807 985 1048576 14703 201 28 1
2026-08-15T19:19:14Z 2.17 175 315 1341 9223372036854775807 189 1048576 14728 1 30 1
2026-08-15T19:19:19Z 2.00 179 327 1587 9223372036854775807 294 1048576 14722 202 29 3
2026-08-15T19:19:24Z 2.16 182 331 1590 9223372036854775807 406 1048576 14718 202 39 3
2026-08-15T19:19:29Z 2.23 180 329 1563 9223372036854775807 409 1048576 14718 201 31 1
2026-08-15T19:19:34Z 2.29 179 328 1561 9223372036854775807 509 1048576 14715 201 33 1
2026-08-15T19:19:39Z 2.26 179 328 1561 9223372036854775807 510 1048576 14714 201 33 1
2026-08-15T19:19:44Z 2.24 179 328 1561 9223372036854775807 269 1048576 14717 201 38 1
2026-08-15T19:19:49Z 2.30 179 328 1561 9223372036854775807 269 1048576 14718 201 35 1
2026-08-15T19:19:54Z 2.44 179 328 1561 9223372036854775807 371 1048576 14717 201 36 1
2026-08-15T19:19:59Z 2.40 179 328 1561 9223372036854775807 372 1048576 14717 201 36 1
2026-08-15T19:20:04Z 2.45 179 328 1561 9223372036854775807 474 1048576 14716 201 42 1
2026-08-15T19:20:09Z 2.42 179 328 1561 9223372036854775807 476 1048576 14717 201 40 1
2026-08-15T19:20:14Z 2.22 178 328 1383 9223372036854775807 483 1048576 14700 2 47 2
2026-08-15T19:20:19Z 2.04 183 351 1818 9223372036854775807 587 1048576 14686 202 52 3
2026-08-15T19:20:24Z 2.52 182 351 1688 9223372036854775807 695 1048576 14518 201 47 1
2026-08-15T19:20:29Z 3.52 182 351 1688 9223372036854775807 695 1048576 14521 201 44 1
2026-08-15T19:20:34Z 4.12 182 352 1688 9223372036854775807 796 1048576 14670 201 43 1
2026-08-15T19:20:39Z 4.27 183 351 1688 9223372036854775807 796 1048576 14674 201 43 1
2026-08-15T19:20:44Z 5.05 183 352 1688 9223372036854775807 896 1048576 14678 201 50 1
2026-08-15T19:20:49Z 5.77 183 352 1688 9223372036854775807 287 1048576 14682 201 50 1
2026-08-15T19:20:54Z 6.35 183 352 1688 9223372036854775807 374 1048576 14673 201 57 1
2026-08-15T19:20:59Z 6.72 183 352 1688 9223372036854775807 375 1048576 14678 201 53 1
2026-08-15T19:21:05Z 7.30 183 352 1688 9223372036854775807 476 1048576 14682 201 51 1
2026-08-15T19:21:10Z 7.52 185 354 1734 9223372036854775807 482 1048576 14677 202 54 3
2026-08-15T19:21:15Z 6.92 189 337 1603 9223372036854775807 517 1048576 14641 31 69 1
2026-08-15T19:21:20Z 6.36 189 337 1603 9223372036854775807 517 1048576 14645 31 56 1
2026-08-15T19:21:25Z 6.25 190 342 1810 9223372036854775807 619 1048576 14651 231 49 1
2026-08-15T19:21:30Z 5.83 192 344 1814 9223372036854775807 713 1048576 14657 231 48 1
2026-08-15T19:21:35Z 5.44 192 344 1814 9223372036854775807 713 1048576 14659 231 44 1
2026-08-15T19:21:40Z 5.41 192 344 1814 9223372036854775807 803 1048576 14656 231 45 1
2026-08-15T19:21:45Z 5.06 192 344 1814 9223372036854775807 804 1048576 14655 231 35 1
2026-08-15T19:21:50Z 4.73 192 344 1814 9223372036854775807 309 1048576 14655 231 37 1
2026-08-15T19:21:55Z 4.43 192 344 1814 9223372036854775807 309 1048576 14656 231 30 1
2026-08-15T19:22:00Z 4.16 192 344 1814 9223372036854775807 411 1048576 14657 231 31 1
2026-08-15T19:22:05Z 3.90 194 346 1858 9223372036854775807 413 1048576 14656 232 26 3
2026-08-15T19:22:10Z 3.67 194 346 1859 9223372036854775807 515 1048576 14655 232 30 3
2026-08-15T19:22:15Z 3.78 194 346 1860 9223372036854775807 515 1048576 14653 232 15 3
2026-08-15T19:22:20Z 3.47 204 351 1845 9223372036854775807 559 1048576 14597 62 33 3
2026-08-15T19:22:25Z 3.20 204 351 1825 9223372036854775807 560 1048576 14601 62 32 3
2026-08-15T19:22:30Z 3.10 207 358 2037 9223372036854775807 741 1048576 14581 262 36 3
2026-08-15T19:22:35Z 3.01 207 358 2056 9223372036854775807 747 1048576 14555 262 39 3
2026-08-15T19:22:40Z 3.17 206 357 2010 9223372036854775807 850 1048576 14567 261 46 1
2026-08-15T19:22:45Z 3.08 206 357 2010 9223372036854775807 850 1048576 14570 261 44 1
2026-08-15T19:22:50Z 2.99 205 356 2010 9223372036854775807 327 1048576 14574 261 48 1
2026-08-15T19:22:55Z 3.23 205 356 2010 9223372036854775807 327 1048576 14575 261 48 1
2026-08-15T19:23:00Z 3.13 205 356 2010 9223372036854775807 427 1048576 14571 261 52 1
2026-08-15T19:23:05Z 3.04 205 356 2010 9223372036854775807 428 1048576 14571 261 52 1
2026-08-15T19:23:10Z 3.20 205 356 2010 9223372036854775807 529 1048576 14571 261 51 1
2026-08-15T19:23:16Z 3.10 205 356 2010 9223372036854775807 530 1048576 14569 261 51 1
2026-08-15T19:23:21Z 3.01 180 323 1497 9223372036854775807 533 1048576 14701 1 73 1
2026-08-15T19:23:26Z 2.77 203 350 1960 9223372036854775807 613 1048576 14677 158 73 3
2026-08-15T19:23:31Z 2.79 205 352 1968 9223372036854775807 665 1048576 14662 158 73 3
2026-08-15T19:23:36Z 2.89 203 350 1924 9223372036854775807 673 1048576 14634 157 75 1
2026-08-15T19:23:41Z 2.82 203 350 1930 9223372036854775807 722 1048576 14647 157 74 1
2026-08-15T19:23:46Z 2.75 203 350 1930 9223372036854775807 722 1048576 14654 157 70 1
2026-08-15T19:23:51Z 2.93 203 350 1930 9223372036854775807 257 1048576 14652 157 68 1
2026-08-15T19:23:56Z 2.86 203 350 1930 9223372036854775807 258 1048576 14653 157 68 1
2026-08-15T19:24:01Z 3.11 203 350 1930 9223372036854775807 307 1048576 14642 157 65 1
2026-08-15T19:24:06Z 3.02 203 350 1930 9223372036854775807 307 1048576 14649 157 65 1
2026-08-15T19:24:11Z 3.10 203 350 1936 9223372036854775807 356 1048576 14650 157 67 1
2026-08-15T19:24:16Z 3.01 203 350 1934 9223372036854775807 357 1048576 14651 157 64 1
2026-08-15T19:24:21Z 3.09 182 326 1541 9223372036854775807 363 1048576 14692 2 67 3
2026-08-15T19:24:26Z 2.84 203 351 2166 9223372036854775807 518 1048576 14660 262 76 3
2026-08-15T19:24:31Z 2.93 202 350 2139 9223372036854775807 620 1048576 14667 261 74 1
2026-08-15T19:24:36Z 2.86 202 349 2139 9223372036854775807 620 1048576 14663 261 66 1
2026-08-15T19:24:41Z 2.87 202 349 2139 9223372036854775807 720 1048576 14644 261 66 1
2026-08-15T19:24:46Z 2.88 202 349 2139 9223372036854775807 721 1048576 14652 261 66 1
2026-08-15T19:24:51Z 2.89 202 349 2145 9223372036854775807 822 1048576 14639 261 66 1
2026-08-15T19:24:56Z 2.82 202 349 2145 9223372036854775807 382 1048576 14649 261 66 1
2026-08-15T19:25:02Z 2.91 202 349 2145 9223372036854775807 482 1048576 14653 261 67 1
2026-08-15T19:25:07Z 2.92 202 349 2147 9223372036854775807 482 1048576 14652 261 67 1
2026-08-15T19:25:12Z 2.85 202 349 2147 9223372036854775807 583 1048576 14634 261 70 1
2026-08-15T19:25:17Z 2.94 204 351 2193 9223372036854775807 592 1048576 14644 262 72 3
2026-08-15T19:25:22Z 2.86 180 323 1497 9223372036854775807 600 1048576 14691 1 78 1
2026-08-15T19:25:27Z 2.63 241 388 2718 9223372036854775807 821 1048576 14592 381 72 1
2026-08-15T19:25:32Z 2.58 243 390 2728 9223372036854775807 924 1048576 14582 381 66 1
2026-08-15T19:25:37Z 2.78 241 388 2728 9223372036854775807 924 1048576 14576 381 66 1
2026-08-15T19:25:42Z 2.80 241 388 2744 9223372036854775807 1025 1048576 14576 381 66 1
2026-08-15T19:25:47Z 2.81 241 388 2744 9223372036854775807 1025 1048576 14574 381 66 1
2026-08-15T19:25:52Z 2.99 241 388 2752 9223372036854775807 1112 1048576 14576 381 65 1
2026-08-15T19:25:57Z 3.15 241 388 2550 9223372036854775807 458 1048576 14575 381 67 1
2026-08-15T19:26:02Z 3.22 241 388 2752 9223372036854775807 559 1048576 14575 381 63 1
2026-08-15T19:26:07Z 3.57 241 386 2795 9223372036854775807 563 1048576 14566 183 67 3
2026-08-15T19:26:12Z 3.85 244 391 2805 9223372036854775807 675 1048576 14568 382 65 3
2026-08-15T19:26:17Z 3.86 178 321 1610 9223372036854775807 675 1048576 14689 1 186 1
2026-08-15T19:26:22Z 3.55 180 323 1649 9223372036854775807 678 1048576 14688 1 140 1
2026-08-15T19:26:27Z 3.43 243 390 3117 9223372036854775807 1199 1048576 14587 581 143 1
2026-08-15T19:26:32Z 4.19 243 390 3117 9223372036854775807 1200 1048576 14582 581 142 1
2026-08-15T19:26:37Z 4.50 243 390 3073 9223372036854775807 1372 1048576 14580 581 143 1
2026-08-15T19:26:42Z 4.38 243 390 3081 9223372036854775807 1372 1048576 14577 581 142 1
2026-08-15T19:26:48Z 4.67 243 390 3087 9223372036854775807 1553 1048576 14574 581 146 1
2026-08-15T19:26:53Z 4.45 243 390 3087 9223372036854775807 1554 1048576 14573 581 145 1
2026-08-15T19:26:58Z 4.42 243 390 3083 9223372036854775807 938 1048576 14572 581 146 1
2026-08-15T19:27:03Z 4.30 246 393 3128 9223372036854775807 946 1048576 14551 582 144 2
2026-08-15T19:27:08Z 4.36 244 391 3097 9223372036854775807 1129 1048576 14562 581 142 1
2026-08-15T19:27:13Z 4.41 244 391 3097 9223372036854775807 1130 1048576 14570 581 139 1
2026-08-15T19:27:18Z 4.06 179 322 1613 9223372036854775807 1130 1048576 14704 1 259 1
2026-08-15T19:27:23Z 3.73 245 392 2703 9223372036854775807 1353 1048576 14609 381 138 1
2026-08-15T19:27:28Z 3.83 245 392 2722 9223372036854775807 1354 1048576 14584 381 135 1
2026-08-15T19:27:33Z 3.69 180 323 1614 9223372036854775807 1354 1048576 14684 1 255 1
2026-08-15T19:27:38Z 3.39 182 325 1652 9223372036854775807 1357 1048576 14701 1 255 1
2026-08-15T19:27:43Z 3.60 245 392 2524 9223372036854775807 1554 1048576 14586 381 254 1
2026-08-15T19:27:48Z 3.71 244 391 2524 9223372036854775807 1554 1048576 14581 381 254 1
2026-08-15T19:27:53Z 3.42 184 327 1679 9223372036854775807 1560 1048576 14687 2 377 3
2026-08-15T19:27:58Z 3.46 246 393 2726 9223372036854775807 870 1048576 14579 381 384 1
2026-08-15T19:28:03Z 3.35 246 393 2726 9223372036854775807 870 1048576 14572 381 383 1
2026-08-15T19:28:08Z 3.08 183 326 1656 9223372036854775807 872 1048576 14691 1 504 1
2026-08-15T19:28:13Z 3.15 246 393 2528 9223372036854775807 1095 1048576 14590 381 501 1
2026-08-15T19:28:18Z 3.14 246 393 2523 9223372036854775807 1095 1048576 14575 381 381 1
2026-08-15T19:28:23Z 2.89 181 324 1614 9223372036854775807 1095 1048576 14698 1 503 1
2026-08-15T19:28:29Z 2.66 246 393 2722 9223372036854775807 1320 1048576 14594 381 503 1
2026-08-15T19:28:34Z 2.92 246 393 2722 9223372036854775807 1322 1048576 14577 381 383 1
2026-08-15T19:28:39Z 3.09 181 324 1616 9223372036854775807 1323 1048576 14695 1 503 1
2026-08-15T19:28:44Z 2.84 185 328 1681 9223372036854775807 1328 1048576 14699 2 501 3
2026-08-15T19:28:49Z 3.18 248 395 2572 9223372036854775807 1555 1048576 14563 382 504 3
2026-08-15T19:28:54Z 3.32 246 393 2524 9223372036854775807 1561 1048576 14571 381 383 1
2026-08-15T19:28:59Z 3.06 183 326 1654 9223372036854775807 1009 1048576 14706 1 494 1
2026-08-15T19:29:04Z 3.37 246 393 2726 9223372036854775807 1232 1048576 14590 381 496 1
2026-08-15T19:29:09Z 3.50 246 393 2726 9223372036854775807 1232 1048576 14584 381 375 1
2026-08-15T19:29:14Z 3.22 183 326 1654 9223372036854775807 1234 1048576 14693 1 497 1
2026-08-15T19:29:19Z 3.12 246 393 2526 9223372036854775807 1455 1048576 14597 381 497 1
2026-08-15T19:29:24Z 3.35 246 393 2526 9223372036854775807 1455 1048576 14583 381 375 1
2026-08-15T19:29:29Z 3.09 183 326 1656 9223372036854775807 1457 1048576 14700 1 497 1
2026-08-15T19:29:34Z 2.84 246 393 2728 9223372036854775807 1668 1048576 14607 381 497 1
2026-08-15T19:29:39Z 3.09 248 395 2774 9223372036854775807 1672 1048576 14582 382 379 3
2026-08-15T19:29:44Z 3.32 181 324 1620 9223372036854775807 1683 1048576 14690 1 506 1
2026-08-15T19:29:49Z 3.06 246 393 2528 9223372036854775807 1904 1048576 14613 381 505 1
2026-08-15T19:29:54Z 3.21 246 393 2528 9223372036854775807 1905 1048576 14594 381 503 1
2026-08-15T19:29:59Z 3.20 181 324 1620 9223372036854775807 1190 1048576 14693 1 504 1
2026-08-15T19:30:04Z 2.94 183 326 1658 9223372036854775807 1105 1048576 14699 1 502 1
2026-08-15T19:30:09Z 3.10 202 349 1910 9223372036854775807 1174 1048576 14678 81 508 1
2026-08-15T19:30:14Z 3.10 202 349 1910 9223372036854775807 1174 1048576 14676 81 386 1
2026-08-15T19:30:20Z 3.17 203 350 1903 9223372036854775807 1191 1048576 14675 84 389 1
2026-08-15T19:30:25Z 3.08 203 350 1915 9223372036854775807 1194 1048576 14674 84 387 1
2026-08-15T19:30:30Z 3.15 204 351 1942 9223372036854775807 1212 1048576 14670 85 269 3
2026-08-15T19:30:35Z 3.06 205 352 1942 9223372036854775807 1223 1048576 14664 85 271 3
2026-08-15T19:30:40Z 3.05 203 350 1915 9223372036854775807 1244 1048576 14670 84 272 1
2026-08-15T19:30:45Z 3.13 203 350 1915 9223372036854775807 1244 1048576 14674 84 143 1
2026-08-15T19:30:50Z 3.20 203 350 1915 9223372036854775807 1262 1048576 14674 84 146 1
2026-08-15T19:30:55Z 3.18 203 350 1915 9223372036854775807 1263 1048576 14676 84 144 1
2026-08-15T19:31:00Z 3.25 202 349 1924 9223372036854775807 1283 1048576 14670 87 147 1
2026-08-15T19:31:05Z 3.15 204 351 1928 9223372036854775807 629 1048576 14671 87 28 1
2026-08-15T19:31:10Z 3.06 204 351 1928 9223372036854775807 629 1048576 14671 87 22 1
2026-08-15T19:31:15Z 3.29 206 353 1954 9223372036854775807 651 1048576 14669 93 25 1
2026-08-15T19:31:20Z 3.27 206 353 1954 9223372036854775807 651 1048576 14669 93 25 1
2026-08-15T19:31:25Z 3.25 208 355 1981 9223372036854775807 675 1048576 14664 94 24 3
2026-08-15T19:31:30Z 3.31 206 353 1954 9223372036854775807 685 1048576 14665 93 24 1
2026-08-15T19:31:35Z 3.52 204 351 1954 9223372036854775807 702 1048576 14666 93 24 1
2026-08-15T19:31:40Z 3.48 204 351 1954 9223372036854775807 702 1048576 14666 93 23 1
2026-08-15T19:31:45Z 3.44 204 351 1954 9223372036854775807 720 1048576 14666 93 24 1
2026-08-15T19:31:50Z 3.33 204 351 1954 9223372036854775807 720 1048576 14667 93 21 1
2026-08-15T19:31:55Z 3.30 206 353 1980 9223372036854775807 761 1048576 14665 99 27 1
2026-08-15T19:32:00Z 3.28 206 353 1980 9223372036854775807 763 1048576 14668 99 27 1
2026-08-15T19:32:06Z 3.25 206 353 1980 9223372036854775807 162 1048576 14665 99 22 1
2026-08-15T19:32:11Z 3.15 206 353 1980 9223372036854775807 162 1048576 14662 99 22 1
2026-08-15T19:32:16Z 3.38 208 355 2007 9223372036854775807 181 1048576 14662 100 20 3
2026-08-15T19:32:21Z 3.35 209 356 2007 9223372036854775807 192 1048576 14658 100 23 3
2026-08-15T19:32:26Z 3.48 206 353 1980 9223372036854775807 212 1048576 14662 99 22 1
2026-08-15T19:32:31Z 3.36 206 353 1980 9223372036854775807 212 1048576 14664 99 20 1
2026-08-15T19:32:36Z 3.25 206 353 1980 9223372036854775807 230 1048576 14666 99 17 1
2026-08-15T19:32:41Z 3.15 206 353 1980 9223372036854775807 230 1048576 14665 99 17 1
2026-08-15T19:32:46Z 3.54 204 351 1976 9223372036854775807 249 1048576 14661 99 17 1
2026-08-15T19:32:51Z 3.50 206 353 1980 9223372036854775807 267 1048576 14659 99 18 1
2026-08-15T19:32:56Z 3.38 206 353 1980 9223372036854775807 267 1048576 14653 99 12 1
2026-08-15T19:33:01Z 3.27 206 353 1980 9223372036854775807 285 1048576 14652 99 13 1
2026-08-15T19:33:06Z 3.17 206 353 1980 9223372036854775807 128 1048576 14653 99 13 1
2026-08-15T19:33:11Z 3.15 208 355 2025 9223372036854775807 153 1048576 14649 100 17 3
2026-08-15T19:33:16Z 3.06 204 351 1980 9223372036854775807 159 1048576 14654 99 16 1
2026-08-15T19:33:21Z 2.97 204 351 1980 9223372036854775807 177 1048576 14651 99 17 1
2026-08-15T19:33:26Z 2.90 204 351 1980 9223372036854775807 177 1048576 14648 99 17 1
2026-08-15T19:33:31Z 2.82 204 351 1980 9223372036854775807 194 1048576 14651 99 17 1
2026-08-15T19:33:36Z 2.76 204 351 1980 9223372036854775807 195 1048576 14651 99 17 1
2026-08-15T19:33:41Z 2.70 202 349 1976 9223372036854775807 214 1048576 14650 99 19 1
2026-08-15T19:33:46Z 2.64 204 351 1980 9223372036854775807 231 1048576 14658 99 20 1
2026-08-15T19:33:51Z 2.59 204 351 1980 9223372036854775807 231 1048576 14663 99 16 1
2026-08-15T19:33:56Z 2.54 204 351 1980 9223372036854775807 249 1048576 14667 99 17 1
2026-08-15T19:34:01Z 2.50 208 355 2039 9223372036854775807 271 1048576 14668 106 17 3
2026-08-15T19:34:07Z 2.46 208 355 2033 9223372036854775807 126 1048576 14665 106 17 3
2026-08-15T19:34:12Z 2.42 208 355 2033 9223372036854775807 144 1048576 14665 106 16 3
2026-08-15T19:34:17Z 2.39 208 356 2033 9223372036854775807 144 1048576 14665 106 13 3
2026-08-15T19:34:22Z 2.36 210 358 2057 9223372036854775807 165 1048576 14663 112 10 3
2026-08-15T19:34:27Z 2.33 210 358 2059 9223372036854775807 166 1048576 14657 112 10 3
2026-08-15T19:34:32Z 2.30 208 356 2055 9223372036854775807 184 1048576 14648 112 12 3
2026-08-15T19:34:37Z 2.28 210 357 2059 9223372036854775807 201 1048576 14657 112 13 3
2026-08-15T19:34:42Z 2.25 210 357 2059 9223372036854775807 202 1048576 14654 112 13 3
2026-08-15T19:34:47Z 2.23 210 357 2059 9223372036854775807 219 1048576 14653 112 10 3
2026-08-15T19:34:52Z 2.21 210 357 2059 9223372036854775807 219 1048576 14648 112 10 3
2026-08-15T19:34:57Z 2.20 211 358 2072 9223372036854775807 238 1048576 14646 115 10 3
2026-08-15T19:35:02Z 2.18 211 358 2072 9223372036854775807 239 1048576 14647 115 10 3
2026-08-15T19:35:07Z 2.17 211 358 2072 9223372036854775807 119 1048576 14645 115 10 3
2026-08-15T19:35:12Z 2.15 211 358 2072 9223372036854775807 119 1048576 14647 115 10 3
2026-08-15T19:35:17Z 2.14 211 358 2072 9223372036854775807 137 1048576 14646 115 10 3
2026-08-15T19:35:22Z 2.13 211 358 2073 9223372036854775807 143 1048576 14647 116 11 3
2026-08-15T19:35:27Z 2.12 182 336 1662 9223372036854775807 146 1048576 14717 3 71 3
2026-08-15T19:35:32Z 1.95 199 362 1878 9223372036854775807 230 1048576 14692 83 106 3
2026-08-15T19:35:37Z 4.48 203 366 1904 9223372036854775807 255 1048576 14686 89 112 3
2026-08-15T19:35:42Z 5.81 203 366 1904 9223372036854775807 255 1048576 14686 89 112 3
2026-08-15T19:35:47Z 7.18 204 368 1915 9223372036854775807 277 1048576 14683 92 124 3
2026-08-15T19:35:52Z 8.21 204 369 1914 9223372036854775807 277 1048576 14681 92 123 3
2026-08-15T19:35:58Z 9.79 205 370 1936 9223372036854775807 302 1048576 14677 98 131 3
2026-08-15T19:36:03Z 10.69 205 371 1954 9223372036854775807 307 1048576 14672 98 132 3
2026-08-15T19:36:08Z 11.68 203 369 1909 9223372036854775807 330 1048576 14668 97 139 1
2026-08-15T19:36:13Z 12.02 204 371 1909 9223372036854775807 228 1048576 14665 97 138 1
2026-08-15T19:36:18Z 12.34 205 371 1919 9223372036854775807 250 1048576 14666 100 145 1
2026-08-15T19:36:23Z 13.76 205 371 1918 9223372036854775807 251 1048576 14664 99 144 1
2026-08-15T19:36:28Z 14.34 205 371 1918 9223372036854775807 287 1048576 14663 99 157 1
2026-08-15T19:36:33Z 14.95 205 371 1918 9223372036854775807 287 1048576 14663 99 61 1
2026-08-15T19:36:38Z 15.60 205 371 1918 9223372036854775807 305 1048576 14661 99 58 1
2026-08-15T19:36:43Z 16.03 205 371 1918 9223372036854775807 305 1048576 14661 99 58 1
2026-08-15T19:36:48Z 16.51 206 372 1929 9223372036854775807 326 1048576 14658 102 54 1
2026-08-15T19:36:53Z 17.19 208 374 1975 9223372036854775807 331 1048576 14655 103 54 3
2026-08-15T19:36:58Z 17.41 208 374 1975 9223372036854775807 359 1048576 14653 103 53 3
2026-08-15T19:37:03Z 17.30 206 372 1929 9223372036854775807 359 1048576 14654 102 53 1
2026-08-15T19:37:09Z 17.92 205 372 1929 9223372036854775807 377 1048576 14653 102 52 1
2026-08-15T19:37:14Z 18.32 206 372 1929 9223372036854775807 284 1048576 14654 102 52 1
2026-08-15T19:37:19Z 18.78 204 370 1925 9223372036854775807 306 1048576 14645 102 52 1
2026-08-15T19:37:24Z 18.24 206 372 1929 9223372036854775807 320 1048576 14615 102 57 1
2026-08-15T19:37:29Z 17.74 206 372 1929 9223372036854775807 321 1048576 14593 102 50 1
2026-08-15T19:37:34Z 17.12 206 372 1929 9223372036854775807 337 1048576 14574 102 49 1
2026-08-15T19:37:39Z 16.15 203 370 1929 9223372036854775807 338 1048576 14565 102 42 1
2026-08-15T19:37:44Z 16.29 206 372 1956 9223372036854775807 356 1048576 14554 103 48 3
2026-08-15T19:37:49Z 16.83 207 373 1975 9223372036854775807 363 1048576 14546 103 50 3
2026-08-15T19:37:54Z 16.68 205 371 1929 9223372036854775807 386 1048576 14544 102 51 1
2026-08-15T19:37:59Z 16.23 204 371 1929 9223372036854775807 387 1048576 14553 102 43 1
2026-08-15T19:38:04Z 15.73 205 370 1929 9223372036854775807 403 1048576 14544 102 47 1
2026-08-15T19:38:09Z 15.75 205 370 1929 9223372036854775807 403 1048576 14541 102 47 1
2026-08-15T19:38:14Z 15.29 204 370 1936 9223372036854775807 210 1048576 14570 105 46 1
2026-08-15T19:38:19Z 14.87 206 372 1940 9223372036854775807 227 1048576 14607 105 39 1
2026-08-15T19:38:24Z 14.48 206 372 1940 9223372036854775807 228 1048576 14577 105 34 1
2026-08-15T19:38:29Z 14.36 205 372 1940 9223372036854775807 246 1048576 14555 105 36 1
2026-08-15T19:38:35Z 14.49 206 372 1940 9223372036854775807 246 1048576 14561 105 36 1
2026-08-15T19:38:40Z 13.89 207 374 1986 9223372036854775807 267 1048576 14542 106 32 3
2026-08-15T19:38:45Z 13.82 209 375 1986 9223372036854775807 280 1048576 14545 106 28 3
2026-08-15T19:38:50Z 13.59 207 373 1940 9223372036854775807 297 1048576 14544 105 29 1
2026-08-15T19:38:55Z 13.46 206 373 1940 9223372036854775807 297 1048576 14546 105 20 1
2026-08-15T19:39:00Z 13.83 207 373 1940 9223372036854775807 315 1048576 14543 105 22 1
2026-08-15T19:39:05Z 13.60 207 373 1940 9223372036854775807 315 1048576 14531 105 18 1
2026-08-15T19:39:10Z 13.15 207 373 1940 9223372036854775807 351 1048576 14523 105 25 1
2026-08-15T19:39:15Z 13.38 207 373 1940 9223372036854775807 175 1048576 14528 105 19 1
2026-08-15T19:39:20Z 12.87 207 373 1940 9223372036854775807 190 1048576 14525 105 20 1
2026-08-15T19:39:25Z 13.12 207 373 1940 9223372036854775807 190 1048576 14530 105 20 1
2026-08-15T19:39:30Z 13.11 207 373 1940 9223372036854775807 208 1048576 14540 106 20 3
2026-08-15T19:39:35Z 12.78 208 375 1986 9223372036854775807 219 1048576 14548 106 22 3
2026-08-15T19:39:40Z 12.88 208 374 1986 9223372036854775807 240 1048576 14548 106 22 3
2026-08-15T19:39:45Z 12.89 208 374 1940 9223372036854775807 240 1048576 14555 105 17 1
2026-08-15T19:39:50Z 13.06 208 374 1940 9223372036854775807 258 1048576 14550 105 18 1
2026-08-15T19:39:56Z 12.81 208 374 1940 9223372036854775807 258 1048576 14549 105 18 1
2026-08-15T19:40:01Z 12.59 206 372 1936 9223372036854775807 277 1048576 14527 105 20 1
2026-08-15T19:40:06Z 12.78 207 374 1940 9223372036854775807 295 1048576 14522 105 19 1
2026-08-15T19:40:11Z 13.04 208 374 1940 9223372036854775807 295 1048576 14515 105 15 1
2026-08-15T19:40:16Z 12.87 207 374 1940 9223372036854775807 131 1048576 14501 105 16 1
2026-08-15T19:40:21Z 13.61 208 374 1940 9223372036854775807 132 1048576 14493 105 16 1
2026-08-15T19:40:26Z 13.48 208 374 1940 9223372036854775807 150 1048576 14491 105 14 1
2026-08-15T19:40:31Z 13.44 209 376 1986 9223372036854775807 158 1048576 14486 106 15 3
2026-08-15T19:40:36Z 13.40 208 374 1940 9223372036854775807 182 1048576 14487 105 17 1
2026-08-15T19:40:41Z 13.13 208 374 1940 9223372036854775807 183 1048576 14487 105 16 1
2026-08-15T19:40:46Z 13.28 208 373 1940 9223372036854775807 200 1048576 14491 105 17 1
2026-08-15T19:40:51Z 12.94 206 373 1940 9223372036854775807 200 1048576 14499 105 16 1
2026-08-15T19:40:56Z 11.90 242 389 2315 9223372036854775807 323 1048576 14446 181 64 1
2026-08-15T19:41:01Z 10.95 242 389 2315 9223372036854775807 323 1048576 14460 181 61 1
2026-08-15T19:41:06Z 10.23 245 396 2391 9223372036854775807 359 1048576 14498 213 65 1
2026-08-15T19:41:11Z 9.89 245 396 2391 9223372036854775807 360 1048576 14515 213 65 1
2026-08-15T19:41:16Z 9.42 245 396 2391 9223372036854775807 251 1048576 14516 213 68 1
2026-08-15T19:41:21Z 9.31 247 398 2437 9223372036854775807 255 1048576 14513 214 71 3
2026-08-15T19:41:27Z 9.04 248 400 2443 9223372036854775807 283 1048576 14512 214 81 2
2026-08-15T19:41:32Z 8.64 244 395 2390 9223372036854775807 283 1048576 14515 213 77 1
2026-08-15T19:41:37Z 8.35 244 395 2390 9223372036854775807 301 1048576 14519 213 80 1
2026-08-15T19:41:42Z 8.00 244 395 2390 9223372036854775807 302 1048576 14520 213 80 1
2026-08-15T19:41:47Z 7.52 244 395 2390 9223372036854775807 319 1048576 14523 213 84 1
2026-08-15T19:41:52Z 7.48 244 395 2390 9223372036854775807 319 1048576 14524 213 84 1
2026-08-15T19:41:57Z 7.12 242 393 2386 9223372036854775807 337 1048576 14528 213 42 1
2026-08-15T19:42:02Z 6.79 244 395 2390 9223372036854775807 355 1048576 14531 213 47 1
2026-08-15T19:42:07Z 7.04 244 395 2390 9223372036854775807 355 1048576 14534 213 44 1
2026-08-15T19:42:12Z 6.88 244 395 2390 9223372036854775807 369 1048576 14532 213 47 1
2026-08-15T19:42:17Z 6.57 246 397 2437 9223372036854775807 277 1048576 14522 214 50 3
2026-08-15T19:42:22Z 6.20 245 396 2395 9223372036854775807 315 1048576 14524 213 62 1
2026-08-15T19:42:27Z 5.87 245 396 2395 9223372036854775807 323 1048576 14526 213 57 1
2026-08-15T19:42:32Z 5.80 245 396 2395 9223372036854775807 347 1048576 14529 213 61 1
2026-08-15T19:42:37Z 5.65 245 396 2395 9223372036854775807 347 1048576 14529 213 55 1
2026-08-15T19:42:42Z 5.36 245 396 2395 9223372036854775807 365 1048576 14529 213 60 1
2026-08-15T19:42:47Z 5.09 245 396 2395 9223372036854775807 367 1048576 14528 213 55 1
2026-08-15T19:42:52Z 4.92 245 396 2397 9223372036854775807 401 1048576 14523 213 74 1
2026-08-15T19:42:57Z 4.69 245 396 2399 9223372036854775807 401 1048576 14519 213 74 1
2026-08-15T19:43:02Z 4.47 244 395 2399 9223372036854775807 419 1048576 14517 213 71 1
2026-08-15T19:43:07Z 4.27 246 397 2426 9223372036854775807 420 1048576 14514 214 71 3
2026-08-15T19:43:13Z 4.09 246 397 2426 9223372036854775807 445 1048576 14513 214 81 3
2026-08-15T19:43:18Z 4.08 244 395 2399 9223372036854775807 448 1048576 14519 213 81 1
2026-08-15T19:43:23Z 3.92 244 395 2399 9223372036854775807 312 1048576 14520 213 72 1
2026-08-15T19:43:28Z 4.00 244 395 2399 9223372036854775807 312 1048576 14520 213 69 1
2026-08-15T19:43:33Z 3.84 244 395 2399 9223372036854775807 329 1048576 14519 213 65 1
2026-08-15T19:43:38Z 3.70 244 395 2399 9223372036854775807 330 1048576 14519 213 65 1
2026-08-15T19:43:43Z 3.56 242 393 2395 9223372036854775807 349 1048576 14517 213 73 1
2026-08-15T19:43:48Z 3.43 244 395 2399 9223372036854775807 366 1048576 14525 213 86 1
2026-08-15T19:43:53Z 3.32 244 395 2399 9223372036854775807 367 1048576 14533 213 77 1
2026-08-15T19:43:58Z 3.29 244 395 2401 9223372036854775807 384 1048576 14530 213 82 1
2026-08-15T19:44:03Z 3.19 246 397 2428 9223372036854775807 391 1048576 14502 214 86 3
2026-08-15T19:44:08Z 3.33 245 396 2447 9223372036854775807 418 1048576 14514 214 97 3
2026-08-15T19:44:13Z 3.23 244 395 2401 9223372036854775807 418 1048576 14525 213 91 1
2026-08-15T19:44:18Z 3.21 244 396 2401 9223372036854775807 435 1048576 14522 213 91 1
2026-08-15T19:44:23Z 3.11 244 396 2401 9223372036854775807 323 1048576 14526 213 91 1
2026-08-15T19:44:28Z 3.10 244 396 2403 9223372036854775807 340 1048576 14529 213 95 1
2026-08-15T19:44:33Z 3.01 244 395 2403 9223372036854775807 340 1048576 14526 213 92 1
2026-08-15T19:44:38Z 2.93 244 395 2403 9223372036854775807 376 1048576 14521 213 124 1
2026-08-15T19:44:43Z 2.86 244 395 2403 9223372036854775807 377 1048576 14522 213 124 1
2026-08-15T19:44:48Z 2.79 244 395 2403 9223372036854775807 394 1048576 14521 213 111 1
2026-08-15T19:44:53Z 2.73 244 395 2403 9223372036854775807 396 1048576 14521 213 111 1
2026-08-15T19:44:58Z 2.67 246 397 2430 9223372036854775807 419 1048576 14520 214 103 3
2026-08-15T19:45:03Z 2.61 250 401 2492 9223372036854775807 428 1048576 14490 214 108 2
2026-08-15T19:45:09Z 2.56 244 395 2403 9223372036854775807 444 1048576 14502 213 102 1
2026-08-15T19:45:14Z 2.52 243 394 2403 9223372036854775807 445 1048576 14506 213 98 1
2026-08-15T19:45:19Z 2.48 243 394 2403 9223372036854775807 462 1048576 14512 213 99 1
2026-08-15T19:45:24Z 2.44 243 394 2403 9223372036854775807 337 1048576 14509 213 99 1
2026-08-15T19:45:29Z 2.40 241 392 2401 9223372036854775807 356 1048576 14505 213 101 1
2026-08-15T19:45:34Z 2.37 243 394 2405 9223372036854775807 373 1048576 14505 213 111 1
2026-08-15T19:45:39Z 2.34 243 394 2405 9223372036854775807 373 1048576 14507 213 94 1
2026-08-15T19:45:44Z 2.31 243 394 2405 9223372036854775807 388 1048576 14506 213 93 1
2026-08-15T19:45:49Z 2.29 243 394 2405 9223372036854775807 388 1048576 14504 213 93 1
2026-08-15T19:45:54Z 2.26 245 396 2451 9223372036854775807 412 1048576 14504 214 96 3
2026-08-15T19:45:59Z 2.24 205 356 2109 9223372036854775807 420 1048576 14550 99 171 1
2026-08-15T19:46:04Z 2.22 205 356 2063 9223372036854775807 442 1048576 14553 99 182 1
2026-08-15T19:46:09Z 2.21 205 356 2063 9223372036854775807 442 1048576 14551 99 178 1
2026-08-15T19:46:14Z 2.19 205 356 2063 9223372036854775807 459 1048576 14554 99 182 1
2026-08-15T19:46:19Z 2.17 205 356 2063 9223372036854775807 460 1048576 14555 99 168 1
2026-08-15T19:46:24Z 2.00 174 317 1594 9223372036854775807 338 1048576 14715 1 224 1
2026-08-15T19:46:29Z 1.84 174 317 1594 9223372036854775807 338 1048576 14715 1 224 1
2026-08-15T19:46:34Z 1.69 175 318 1494 9223372036854775807 339 1048576 14721 1 207 1
2026-08-15T19:46:39Z 1.56 175 318 1494 9223372036854775807 339 1048576 14721 1 197 1
2026-08-15T19:46:44Z 1.43 175 318 1494 9223372036854775807 339 1048576 14721 1 183 1
2026-08-15T19:46:49Z 1.32 177 320 1521 9223372036854775807 341 1048576 14720 2 183 3
